<!DOCTYPE html>
<html>
<head>
<title>ペットの名前一覧</title>
<meta charset="UTF-8" />
<style type="text/css">h1 {
	color: #00f;
}

table {
	padding: 0;
	maring: 0;
}

.div {
	font-size: 20px;
}
</style>
<script type="text/javascript">(function () {
	var test = 'Test Variable';
	var num = parseInt('1000', 10);

	function doSomething() {
		for (var i = 0; i < parseInt('10', 10); i++) {
			console.log(i, test, num + 1);
		}
	}
	
	// do something here
	doSomething();
}());
</script>
<script type="text/javascript">window.gracenode={"title":"ペットの名前一覧","subtitle":"Table","list":[{"category":"Dog","name":"Fuchsia"},{"category":"Cat","name":"Genki"},{"category":"Cat","name":"元気"}],"num":1000,"color":"#00f","max":10};</script>
</head>
<body>
<h1>ペット:Table</h1>
<table>
<tr>
<th>Category</th>
<th>Name</th>
<tr><td>Dog</td><td>Fuchsia</td></tr><tr><td>Cat</td><td>Genki</td></tr><tr><td>Cat</td><td>元気</td></tr>
</tr>
</table>
</body>
</html>
