<!DOCTYPE html>
<html>
<html>
<head>
<meta charset="utf8" />
<script type="text/javascript">window.gracenode={"keys":["one","two","three"],"data":{"one":{"type":"string","value":"One"},"two":{"type":"number","value":2},"three":{"type":"array","value":[3]}}};</script>
</head>
<body>
<div>class&nbps;name:&nbsp;one</div><div>class&nbps;name:&nbsp;two</div><div>class&nbps;name:&nbsp;three</div>
<div>string:One</div><div>number:2</div><div>array:[3]</div>
</body>
</html>
</html>
