{{ if (bad) 
bad
end}}

{{ for (loop) 
	5678
}}

{{foreach bad
1234
}}
